// Jest Snapshot v1, https://goo.gl/fbAQLP

exports[`TodoItem renders correctly 1`] = `
<div>
  <li>
    <div
      class="itemStyle"
    >
      <span
        class="MuiButtonBase-root MuiCheckbox-root MuiCheckbox-colorPrimary PrivateSwitchBase-root MuiCheckbox-root MuiCheckbox-colorPrimary MuiCheckbox-root MuiCheckbox-colorPrimary css-12wnr2w-MuiButtonBase-root-MuiCheckbox-root"
      >
        <input
          class="PrivateSwitchBase-input css-1m9pwf3"
          data-indeterminate="false"
          type="checkbox"
        />
        <svg
          aria-hidden="true"
          class="MuiSvgIcon-root MuiSvgIcon-fontSizeMedium css-i4bv87-MuiSvgIcon-root"
          data-testid="CheckBoxOutlineBlankIcon"
          focusable="false"
          viewBox="0 0 24 24"
        >
          <path
            d="M19 5v14H5V5h14m0-2H5c-1.1 0-2 .9-2 2v14c0 1.1.9 2 2 2h14c1.1 0 2-.9 2-2V5c0-1.1-.9-2-2-2z"
          />
        </svg>
        <span
          class="MuiTouchRipple-root css-8je8zh-MuiTouchRipple-root"
        />
      </span>
      <span
        class="MuiBox-root css-0"
      >
        Test title
      </span>
      <button
        class="MuiButtonBase-root MuiButton-root MuiButton-text MuiButton-textPrimary MuiButton-sizeMedium MuiButton-textSizeMedium MuiButton-root MuiButton-text MuiButton-textPrimary MuiButton-sizeMedium MuiButton-textSizeMedium css-1e6y48t-MuiButtonBase-root-MuiButton-root"
        tabindex="0"
        type="button"
      >
        X
        <span
          class="MuiTouchRipple-root css-8je8zh-MuiTouchRipple-root"
        />
      </button>
    </div>
  </li>
</div>
`;
